Archive member included to satisfy reference by file (symbol)

c:/ac6/systemworkbench/plugins/fr.ac6.mcu.externaltools.arm-none.win32_1.15.0.201708311556/tools/compiler/bin/../lib/gcc/arm-none-eabi/6.3.1/thumb/v7e-m/fpv4-sp/hard\libgcc.a(_aeabi_uldivmod.o)
                              Drivers/STM32F4xx_HAL_Driver/stm32f4xx_hal_rcc.o (__aeabi_uldivmod)
c:/ac6/systemworkbench/plugins/fr.ac6.mcu.externaltools.arm-none.win32_1.15.0.201708311556/tools/compiler/bin/../lib/gcc/arm-none-eabi/6.3.1/thumb/v7e-m/fpv4-sp/hard\libgcc.a(_udivmoddi4.o)
                              c:/ac6/systemworkbench/plugins/fr.ac6.mcu.externaltools.arm-none.win32_1.15.0.201708311556/tools/compiler/bin/../lib/gcc/arm-none-eabi/6.3.1/thumb/v7e-m/fpv4-sp/hard\libgcc.a(_aeabi_uldivmod.o) (__udivmoddi4)
c:/ac6/systemworkbench/plugins/fr.ac6.mcu.externaltools.arm-none.win32_1.15.0.201708311556/tools/compiler/bin/../lib/gcc/arm-none-eabi/6.3.1/thumb/v7e-m/fpv4-sp/hard\libgcc.a(_dvmd_tls.o)
                              c:/ac6/systemworkbench/plugins/fr.ac6.mcu.externaltools.arm-none.win32_1.15.0.201708311556/tools/compiler/bin/../lib/gcc/arm-none-eabi/6.3.1/thumb/v7e-m/fpv4-sp/hard\libgcc.a(_aeabi_uldivmod.o) (__aeabi_ldiv0)
c:/ac6/systemworkbench/plugins/fr.ac6.mcu.externaltools.arm-none.win32_1.15.0.201708311556/tools/compiler/bin/../lib/gcc/arm-none-eabi/6.3.1/../../../../arm-none-eabi/lib/thumb/v7e-m/fpv4-sp/hard\libc_nano.a(lib_a-exit.o)
                              c:/ac6/systemworkbench/plugins/fr.ac6.mcu.externaltools.arm-none.win32_1.15.0.201708311556/tools/compiler/bin/../lib/gcc/arm-none-eabi/6.3.1/../../../../arm-none-eabi/lib/thumb/v7e-m/fpv4-sp/hard/crt0.o (exit)
c:/ac6/systemworkbench/plugins/fr.ac6.mcu.externaltools.arm-none.win32_1.15.0.201708311556/tools/compiler/bin/../lib/gcc/arm-none-eabi/6.3.1/../../../../arm-none-eabi/lib/thumb/v7e-m/fpv4-sp/hard\libc_nano.a(lib_a-impure.o)
                              c:/ac6/systemworkbench/plugins/fr.ac6.mcu.externaltools.arm-none.win32_1.15.0.201708311556/tools/compiler/bin/../lib/gcc/arm-none-eabi/6.3.1/../../../../arm-none-eabi/lib/thumb/v7e-m/fpv4-sp/hard\libc_nano.a(lib_a-exit.o) (_global_impure_ptr)
c:/ac6/systemworkbench/plugins/fr.ac6.mcu.externaltools.arm-none.win32_1.15.0.201708311556/tools/compiler/bin/../lib/gcc/arm-none-eabi/6.3.1/../../../../arm-none-eabi/lib/thumb/v7e-m/fpv4-sp/hard\libc_nano.a(lib_a-init.o)
                              c:/ac6/systemworkbench/plugins/fr.ac6.mcu.externaltools.arm-none.win32_1.15.0.201708311556/tools/compiler/bin/../lib/gcc/arm-none-eabi/6.3.1/../../../../arm-none-eabi/lib/thumb/v7e-m/fpv4-sp/hard/crt0.o (__libc_init_array)
c:/ac6/systemworkbench/plugins/fr.ac6.mcu.externaltools.arm-none.win32_1.15.0.201708311556/tools/compiler/bin/../lib/gcc/arm-none-eabi/6.3.1/../../../../arm-none-eabi/lib/thumb/v7e-m/fpv4-sp/hard\libc_nano.a(lib_a-memset.o)
                              c:/ac6/systemworkbench/plugins/fr.ac6.mcu.externaltools.arm-none.win32_1.15.0.201708311556/tools/compiler/bin/../lib/gcc/arm-none-eabi/6.3.1/../../../../arm-none-eabi/lib/thumb/v7e-m/fpv4-sp/hard/crt0.o (memset)
c:/ac6/systemworkbench/plugins/fr.ac6.mcu.externaltools.arm-none.win32_1.15.0.201708311556/tools/compiler/bin/../lib/gcc/arm-none-eabi/6.3.1/../../../../arm-none-eabi/lib/thumb/v7e-m/fpv4-sp/hard\libnosys.a(_exit.o)
                              c:/ac6/systemworkbench/plugins/fr.ac6.mcu.externaltools.arm-none.win32_1.15.0.201708311556/tools/compiler/bin/../lib/gcc/arm-none-eabi/6.3.1/../../../../arm-none-eabi/lib/thumb/v7e-m/fpv4-sp/hard\libc_nano.a(lib_a-exit.o) (_exit)

Allocating common symbols
Common symbol       size              file

uwTick              0x4               Drivers/STM32F4xx_HAL_Driver/stm32f4xx_hal.o
pFlash              0x20              Drivers/STM32F4xx_HAL_Driver/stm32f4xx_hal_flash.o

Discarded input sections

 .text          0x00000000        0x0 c:/ac6/systemworkbench/plugins/fr.ac6.mcu.externaltools.arm-none.win32_1.15.0.201708311556/tools/compiler/bin/../lib/gcc/arm-none-eabi/6.3.1/thumb/v7e-m/fpv4-sp/hard/crti.o
 .data          0x00000000        0x0 c:/ac6/systemworkbench/plugins/fr.ac6.mcu.externaltools.arm-none.win32_1.15.0.201708311556/tools/compiler/bin/../lib/gcc/arm-none-eabi/6.3.1/thumb/v7e-m/fpv4-sp/hard/crti.o
 .bss           0x00000000        0x0 c:/ac6/systemworkbench/plugins/fr.ac6.mcu.externaltools.arm-none.win32_1.15.0.201708311556/tools/compiler/bin/../lib/gcc/arm-none-eabi/6.3.1/thumb/v7e-m/fpv4-sp/hard/crti.o
 .data          0x00000000        0x4 c:/ac6/systemworkbench/plugins/fr.ac6.mcu.externaltools.arm-none.win32_1.15.0.201708311556/tools/compiler/bin/../lib/gcc/arm-none-eabi/6.3.1/thumb/v7e-m/fpv4-sp/hard/crtbegin.o
 .text          0x00000000       0x74 c:/ac6/systemworkbench/plugins/fr.ac6.mcu.externaltools.arm-none.win32_1.15.0.201708311556/tools/compiler/bin/../lib/gcc/arm-none-eabi/6.3.1/../../../../arm-none-eabi/lib/thumb/v7e-m/fpv4-sp/hard/crt0.o
[...]
Memory Configuration

Name             Origin             Length             Attributes
FLASH            0x08000000         0x00080000         xr
RAM              0x20000000         0x00018000         xrw
*default*        0x00000000         0xffffffff

Linker script and memory map

LOAD c:/ac6/systemworkbench/plugins/fr.ac6.mcu.externaltools.arm-none.win32_1.15.0.201708311556/tools/compiler/bin/../lib/gcc/arm-none-eabi/6.3.1/thumb/v7e-m/fpv4-sp/hard/crti.o
LOAD c:/ac6/systemworkbench/plugins/fr.ac6.mcu.externaltools.arm-none.win32_1.15.0.201708311556/tools/compiler/bin/../lib/gcc/arm-none-eabi/6.3.1/thumb/v7e-m/fpv4-sp/hard/crtbegin.o
LOAD c:/ac6/systemworkbench/plugins/fr.ac6.mcu.externaltools.arm-none.win32_1.15.0.201708311556/tools/compiler/bin/../lib/gcc/arm-none-eabi/6.3.1/../../../../arm-none-eabi/lib/thumb/v7e-m/fpv4-sp/hard/crt0.o
LOAD Drivers/BSP/STM32F4xx-Nucleo/stm32f4xx_nucleo.o
LOAD Drivers/CMSIS/system_stm32f4xx.o
LOAD Drivers/STM32F4xx_HAL_Driver/stm32f4xx_hal.o
LOAD Drivers/STM32F4xx_HAL_Driver/stm32f4xx_hal_adc.o
LOAD Drivers/STM32F4xx_HAL_Driver/stm32f4xx_hal_adc_ex.o
LOAD Drivers/STM32F4xx_HAL_Driver/stm32f4xx_hal_cortex.o
LOAD Drivers/STM32F4xx_HAL_Driver/stm32f4xx_hal_dma.o
LOAD Drivers/STM32F4xx_HAL_Driver/stm32f4xx_hal_dma_ex.o
LOAD Drivers/STM32F4xx_HAL_Driver/stm32f4xx_hal_flash.o
LOAD Drivers/STM32F4xx_HAL_Driver/stm32f4xx_hal_flash_ex.o
LOAD Drivers/STM32F4xx_HAL_Driver/stm32f4xx_hal_gpio.o
LOAD Drivers/STM32F4xx_HAL_Driver/stm32f4xx_hal_rcc.o
LOAD Drivers/STM32F4xx_HAL_Driver/stm32f4xx_hal_rcc_ex.o
LOAD Drivers/STM32F4xx_HAL_Driver/stm32f4xx_hal_spi.o
LOAD Example/SW4STM32/startup_stm32f401xe.o
LOAD Example/User/main.o
LOAD Example/User/stm32f4xx_it.o
LOAD c:/ac6/systemworkbench/plugins/fr.ac6.mcu.externaltools.arm-none.win32_1.15.0.201708311556/tools/compiler/bin/../lib/gcc/arm-none-eabi/6.3.1/../../../../arm-none-eabi/lib/thumb/v7e-m/fpv4-sp/hard\libm.a
START GROUP
LOAD c:/ac6/systemworkbench/plugins/fr.ac6.mcu.externaltools.arm-none.win32_1.15.0.201708311556/tools/compiler/bin/../lib/gcc/arm-none-eabi/6.3.1/thumb/v7e-m/fpv4-sp/hard\libgcc.a
LOAD c:/ac6/systemworkbench/plugins/fr.ac6.mcu.externaltools.arm-none.win32_1.15.0.201708311556/tools/compiler/bin/../lib/gcc/arm-none-eabi/6.3.1/../../../../arm-none-eabi/lib/thumb/v7e-m/fpv4-sp/hard\libc_nano.a
END GROUP
START GROUP
LOAD c:/ac6/systemworkbench/plugins/fr.ac6.mcu.externaltools.arm-none.win32_1.15.0.201708311556/tools/compiler/bin/../lib/gcc/arm-none-eabi/6.3.1/thumb/v7e-m/fpv4-sp/hard\libgcc.a
LOAD c:/ac6/systemworkbench/plugins/fr.ac6.mcu.externaltools.arm-none.win32_1.15.0.201708311556/tools/compiler/bin/../lib/gcc/arm-none-eabi/6.3.1/../../../../arm-none-eabi/lib/thumb/v7e-m/fpv4-sp/hard\libc_nano.a
LOAD c:/ac6/systemworkbench/plugins/fr.ac6.mcu.externaltools.arm-none.win32_1.15.0.201708311556/tools/compiler/bin/../lib/gcc/arm-none-eabi/6.3.1/../../../../arm-none-eabi/lib/thumb/v7e-m/fpv4-sp/hard\libnosys.a
END GROUP
START GROUP
LOAD c:/ac6/systemworkbench/plugins/fr.ac6.mcu.externaltools.arm-none.win32_1.15.0.201708311556/tools/compiler/bin/../lib/gcc/arm-none-eabi/6.3.1/thumb/v7e-m/fpv4-sp/hard\libgcc.a
LOAD c:/ac6/systemworkbench/plugins/fr.ac6.mcu.externaltools.arm-none.win32_1.15.0.201708311556/tools/compiler/bin/../lib/gcc/arm-none-eabi/6.3.1/../../../../arm-none-eabi/lib/thumb/v7e-m/fpv4-sp/hard\libc_nano.a
LOAD c:/ac6/systemworkbench/plugins/fr.ac6.mcu.externaltools.arm-none.win32_1.15.0.201708311556/tools/compiler/bin/../lib/gcc/arm-none-eabi/6.3.1/../../../../arm-none-eabi/lib/thumb/v7e-m/fpv4-sp/hard\libnosys.a
END GROUP
LOAD c:/ac6/systemworkbench/plugins/fr.ac6.mcu.externaltools.arm-none.win32_1.15.0.201708311556/tools/compiler/bin/../lib/gcc/arm-none-eabi/6.3.1/thumb/v7e-m/fpv4-sp/hard/crtend.o
LOAD c:/ac6/systemworkbench/plugins/fr.ac6.mcu.externaltools.arm-none.win32_1.15.0.201708311556/tools/compiler/bin/../lib/gcc/arm-none-eabi/6.3.1/thumb/v7e-m/fpv4-sp/hard/crtn.o
                0x20018000                _estack = 0x20018000
                0x00000200                _Min_Heap_Size = 0x200
                0x00000400                _Min_Stack_Size = 0x400

.isr_vector     0x08000000      0x194
                0x08000000                . = ALIGN (0x4)
 *(.isr_vector)
 .isr_vector    0x08000000      0x194 Example/SW4STM32/startup_stm32f401xe.o
                0x08000000                g_pfnVectors
                0x08000194                . = ALIGN (0x4)

.text           0x08000194     0x1190
                0x08000194                . = ALIGN (0x4)
 *(.text)
 .text          0x08000194       0x6c c:/ac6/systemworkbench/plugins/fr.ac6.mcu.externaltools.arm-none.win32_1.15.0.201708311556/tools/compiler/bin/../lib/gcc/arm-none-eabi/6.3.1/thumb/v7e-m/fpv4-sp/hard/crtbegin.o
 .text          0x08000200       0x30 c:/ac6/systemworkbench/plugins/fr.ac6.mcu.externaltools.arm-none.win32_1.15.0.201708311556/tools/compiler/bin/../lib/gcc/arm-none-eabi/6.3.1/thumb/v7e-m/fpv4-sp/hard\libgcc.a(_aeabi_uldivmod.o)
                0x08000200                __aeabi_uldivmod
 .text          0x08000230      0x2dc c:/ac6/systemworkbench/plugins/fr.ac6.mcu.externaltools.arm-none.win32_1.15.0.201708311556/tools/compiler/bin/../lib/gcc/arm-none-eabi/6.3.1/thumb/v7e-m/fpv4-sp/hard\libgcc.a(_udivmoddi4.o)
                0x08000230                __udivmoddi4
 .text          0x0800050c        0x4 c:/ac6/systemworkbench/plugins/fr.ac6.mcu.externaltools.arm-none.win32_1.15.0.201708311556/tools/compiler/bin/../lib/gcc/arm-none-eabi/6.3.1/thumb/v7e-m/fpv4-sp/hard\libgcc.a(_dvmd_tls.o)
                0x0800050c                __aeabi_idiv0
                0x0800050c                __aeabi_ldiv0
 *(.text*)
 .text.BSP_LED_On
                0x08000510       0x14 Drivers/BSP/STM32F4xx-Nucleo/stm32f4xx_nucleo.o
                0x08000510                BSP_LED_On
 .text.SystemInit
                0x08000524       0x4c Drivers/CMSIS/system_stm32f4xx.o
                0x08000524                SystemInit
 .text.HAL_MspInit
                0x08000570        0x2 Drivers/STM32F4xx_HAL_Driver/stm32f4xx_hal.o
                0x08000570                HAL_MspInit
 *fill*         0x08000572        0x2 
 .text.HAL_InitTick
                0x08000574       0x44 Drivers/STM32F4xx_HAL_Driver/stm32f4xx_hal.o
                0x08000574                HAL_InitTick
 .text.HAL_Init
                0x080005b8       0x34 Drivers/STM32F4xx_HAL_Driver/stm32f4xx_hal.o
                0x080005b8                HAL_Init
 .text.HAL_IncTick
                0x080005ec       0x18 Drivers/STM32F4xx_HAL_Driver/stm32f4xx_hal.o
                0x080005ec                HAL_IncTick
 .text.HAL_GetTick
                0x08000604        0xc Drivers/STM32F4xx_HAL_Driver/stm32f4xx_hal.o
                0x08000604                HAL_GetTick
 .text.HAL_Delay
                0x08000610       0x28 Drivers/STM32F4xx_HAL_Driver/stm32f4xx_hal.o
                0x08000610                HAL_Delay
 .text.HAL_NVIC_SetPriorityGrouping
                0x08000638       0x24 Drivers/STM32F4xx_HAL_Driver/stm32f4xx_hal_cortex.o
                0x08000638                HAL_NVIC_SetPriorityGrouping
 .text.HAL_NVIC_SetPriority
                0x0800065c       0x68 Drivers/STM32F4xx_HAL_Driver/stm32f4xx_hal_cortex.o
                0x0800065c                HAL_NVIC_SetPriority
 .text.HAL_SYSTICK_Config
                0x080006c4       0x2c Drivers/STM32F4xx_HAL_Driver/stm32f4xx_hal_cortex.o
                0x080006c4                HAL_SYSTICK_Config
 .text.FLASH_Program_DoubleWord
                0x080006f0       0x28 Drivers/STM32F4xx_HAL_Driver/stm32f4xx_hal_flash.o
 .text.FLASH_Program_Word
                0x08000718       0x24 Drivers/STM32F4xx_HAL_Driver/stm32f4xx_hal_flash.o
 .text.FLASH_Program_HalfWord
                0x0800073c       0x24 Drivers/STM32F4xx_HAL_Driver/stm32f4xx_hal_flash.o
 .text.FLASH_SetErrorCode
                0x08000760       0x8c Drivers/STM32F4xx_HAL_Driver/stm32f4xx_hal_flash.o
 .text.HAL_FLASH_Unlock
                0x080007ec       0x24 Drivers/STM32F4xx_HAL_Driver/stm32f4xx_hal_flash.o
                0x080007ec                HAL_FLASH_Unlock
 .text.HAL_FLASH_Lock
                0x08000810       0x14 Drivers/STM32F4xx_HAL_Driver/stm32f4xx_hal_flash.o
                0x08000810                HAL_FLASH_Lock
 .text.FLASH_WaitForLastOperation
                0x08000824       0x54 Drivers/STM32F4xx_HAL_Driver/stm32f4xx_hal_flash.o
                0x08000824                FLASH_WaitForLastOperation
 .text.HAL_FLASH_Program
                0x08000878       0x90 Drivers/STM32F4xx_HAL_Driver/stm32f4xx_hal_flash.o
                0x08000878                HAL_FLASH_Program
 .text.FLASH_MassErase.isra.0
                0x08000908       0x24 Drivers/STM32F4xx_HAL_Driver/stm32f4xx_hal_flash_ex.o
 .text.FLASH_Erase_Sector
                0x0800092c       0x4c Drivers/STM32F4xx_HAL_Driver/stm32f4xx_hal_flash_ex.o
                0x0800092c                FLASH_Erase_Sector
 .text.FLASH_FlushCaches
                0x08000978       0x58 Drivers/STM32F4xx_HAL_Driver/stm32f4xx_hal_flash_ex.o
                0x08000978                FLASH_FlushCaches
 .text.HAL_FLASHEx_Erase
                0x080009d0       0x9c Drivers/STM32F4xx_HAL_Driver/stm32f4xx_hal_flash_ex.o
                0x080009d0                HAL_FLASHEx_Erase
 .text.HAL_GPIO_Init
                0x08000a6c      0x1ac Drivers/STM32F4xx_HAL_Driver/stm32f4xx_hal_gpio.o
                0x08000a6c                HAL_GPIO_Init
 .text.HAL_GPIO_WritePin
                0x08000c18        0xa Drivers/STM32F4xx_HAL_Driver/stm32f4xx_hal_gpio.o
                0x08000c18                HAL_GPIO_WritePin
 .text.HAL_GPIO_TogglePin
                0x08000c22        0x8 Drivers/STM32F4xx_HAL_Driver/stm32f4xx_hal_gpio.o
                0x08000c22                HAL_GPIO_TogglePin
 *fill*         0x08000c2a        0x2 
 .text.HAL_RCC_OscConfig
                0x08000c2c      0x304 Drivers/STM32F4xx_HAL_Driver/stm32f4xx_hal_rcc.o
                0x08000c2c                HAL_RCC_OscConfig
 .text.HAL_RCC_GetSysClockFreq
                0x08000f30       0x5c Drivers/STM32F4xx_HAL_Driver/stm32f4xx_hal_rcc.o
                0x08000f30                HAL_RCC_GetSysClockFreq
 .text.HAL_RCC_ClockConfig
                0x08000f8c      0x134 Drivers/STM32F4xx_HAL_Driver/stm32f4xx_hal_rcc.o
                0x08000f8c                HAL_RCC_ClockConfig
 .text.Reset_Handler
                0x080010c0       0x50 Example/SW4STM32/startup_stm32f401xe.o
                0x080010c0                Reset_Handler
 .text.Default_Handler
                0x08001110        0x2 Example/SW4STM32/startup_stm32f401xe.o
                0x08001110                RTC_Alarm_IRQHandler
                0x08001110                EXTI2_IRQHandler
                0x08001110                SPI4_IRQHandler
                0x08001110                TIM1_CC_IRQHandler
                0x08001110                DMA2_Stream5_IRQHandler
                0x08001110                DMA1_Stream5_IRQHandler
                0x08001110                PVD_IRQHandler
                0x08001110                SDIO_IRQHandler
                0x08001110                TAMP_STAMP_IRQHandler
                0x08001110                EXTI3_IRQHandler
                0x08001110                TIM1_UP_TIM10_IRQHandler
                0x08001110                I2C3_ER_IRQHandler
                0x08001110                EXTI0_IRQHandler
                0x08001110                I2C2_EV_IRQHandler
                0x08001110                DMA1_Stream2_IRQHandler
                0x08001110                FPU_IRQHandler
                0x08001110                DMA2_Stream2_IRQHandler
                0x08001110                SPI1_IRQHandler
                0x08001110                TIM1_BRK_TIM9_IRQHandler
                0x08001110                DMA2_Stream3_IRQHandler
                0x08001110                USART6_IRQHandler
                0x08001110                DMA2_Stream0_IRQHandler
                0x08001110                TIM4_IRQHandler
                0x08001110                I2C1_EV_IRQHandler
                0x08001110                DMA1_Stream6_IRQHandler
                0x08001110                DMA1_Stream1_IRQHandler
                0x08001110                TIM3_IRQHandler
                0x08001110                RCC_IRQHandler
                0x08001110                Default_Handler
                0x08001110                EXTI15_10_IRQHandler
                0x08001110                ADC_IRQHandler
                0x08001110                DMA1_Stream7_IRQHandler
                0x08001110                TIM5_IRQHandler
                0x08001110                DMA2_Stream7_IRQHandler
                0x08001110                I2C3_EV_IRQHandler
                0x08001110                EXTI9_5_IRQHandler
                0x08001110                RTC_WKUP_IRQHandler
                0x08001110                SPI2_IRQHandler
                0x08001110                DMA1_Stream0_IRQHandler
                0x08001110                EXTI4_IRQHandler
                0x08001110                WWDG_IRQHandler
                0x08001110                TIM2_IRQHandler
                0x08001110                OTG_FS_WKUP_IRQHandler
                0x08001110                TIM1_TRG_COM_TIM11_IRQHandler
                0x08001110                EXTI1_IRQHandler
                0x08001110                USART2_IRQHandler
                0x08001110                I2C2_ER_IRQHandler
                0x08001110                DMA2_Stream1_IRQHandler
                0x08001110                FLASH_IRQHandler
                0x08001110                DMA2_Stream4_IRQHandler
                0x08001110                USART1_IRQHandler
                0x08001110                OTG_FS_IRQHandler
                0x08001110                SPI3_IRQHandler
                0x08001110                DMA1_Stream4_IRQHandler
                0x08001110                I2C1_ER_IRQHandler
                0x08001110                DMA2_Stream6_IRQHandler
                0x08001110                DMA1_Stream3_IRQHandler
 *fill*         0x08001112        0x2 
 .text.startup.main
                0x08001114      0x19c Example/User/main.o
                0x08001114                main
 .text.NMI_Handler
                0x080012b0        0x2 Example/User/stm32f4xx_it.o
                0x080012b0                NMI_Handler
 .text.HardFault_Handler
                0x080012b2        0x2 Example/User/stm32f4xx_it.o
                0x080012b2                HardFault_Handler
 .text.MemManage_Handler
                0x080012b4        0x2 Example/User/stm32f4xx_it.o
                0x080012b4                MemManage_Handler
 .text.BusFault_Handler
                0x080012b6        0x2 Example/User/stm32f4xx_it.o
                0x080012b6                BusFault_Handler
 .text.UsageFault_Handler
                0x080012b8        0x2 Example/User/stm32f4xx_it.o
                0x080012b8                UsageFault_Handler
 .text.SVC_Handler
                0x080012ba        0x2 Example/User/stm32f4xx_it.o
                0x080012ba                SVC_Handler
 .text.DebugMon_Handler
                0x080012bc        0x2 Example/User/stm32f4xx_it.o
                0x080012bc                DebugMon_Handler
 .text.PendSV_Handler
                0x080012be        0x2 Example/User/stm32f4xx_it.o
                0x080012be                PendSV_Handler
 .text.SysTick_Handler
                0x080012c0        0x4 Example/User/stm32f4xx_it.o
                0x080012c0                SysTick_Handler
 .text.__libc_init_array
                0x080012c4       0x48 c:/ac6/systemworkbench/plugins/fr.ac6.mcu.externaltools.arm-none.win32_1.15.0.201708311556/tools/compiler/bin/../lib/gcc/arm-none-eabi/6.3.1/../../../../arm-none-eabi/lib/thumb/v7e-m/fpv4-sp/hard\libc_nano.a(lib_a-init.o)
                0x080012c4                __libc_init_array
 *(.glue_7)
 .glue_7        0x0800130c        0x0 linker stubs
 *(.glue_7t)
 .glue_7t       0x0800130c        0x0 linker stubs
 *(.eh_frame)
 .eh_frame      0x0800130c        0x0 c:/ac6/systemworkbench/plugins/fr.ac6.mcu.externaltools.arm-none.win32_1.15.0.201708311556/tools/compiler/bin/../lib/gcc/arm-none-eabi/6.3.1/thumb/v7e-m/fpv4-sp/hard/crtbegin.o
 *(.init)
 .init          0x0800130c        0x4 c:/ac6/systemworkbench/plugins/fr.ac6.mcu.externaltools.arm-none.win32_1.15.0.201708311556/tools/compiler/bin/../lib/gcc/arm-none-eabi/6.3.1/thumb/v7e-m/fpv4-sp/hard/crti.o
                0x0800130c                _init
 .init          0x08001310        0x8 c:/ac6/systemworkbench/plugins/fr.ac6.mcu.externaltools.arm-none.win32_1.15.0.201708311556/tools/compiler/bin/../lib/gcc/arm-none-eabi/6.3.1/thumb/v7e-m/fpv4-sp/hard/crtn.o
 *(.fini)
 .fini          0x08001318        0x4 c:/ac6/systemworkbench/plugins/fr.ac6.mcu.externaltools.arm-none.win32_1.15.0.201708311556/tools/compiler/bin/../lib/gcc/arm-none-eabi/6.3.1/thumb/v7e-m/fpv4-sp/hard/crti.o
                0x08001318                _fini
 .fini          0x0800131c        0x8 c:/ac6/systemworkbench/plugins/fr.ac6.mcu.externaltools.arm-none.win32_1.15.0.201708311556/tools/compiler/bin/../lib/gcc/arm-none-eabi/6.3.1/thumb/v7e-m/fpv4-sp/hard/crtn.o
                0x08001324                . = ALIGN (0x4)
                0x08001324                _etext = .

.vfp11_veneer   0x08001324        0x0
 .vfp11_veneer  0x08001324        0x0 linker stubs

.v4_bx          0x08001324        0x0
 .v4_bx         0x08001324        0x0 linker stubs

.iplt           0x08001324        0x0
 .iplt          0x08001324        0x0 c:/ac6/systemworkbench/plugins/fr.ac6.mcu.externaltools.arm-none.win32_1.15.0.201708311556/tools/compiler/bin/../lib/gcc/arm-none-eabi/6.3.1/thumb/v7e-m/fpv4-sp/hard/crtbegin.o

.rodata         0x08001324       0x18
                0x08001324                . = ALIGN (0x4)
 *(.rodata)
 .rodata        0x08001324       0x18 Drivers/CMSIS/system_stm32f4xx.o
                0x08001324                AHBPrescTable
                0x08001334                APBPrescTable
 *(.rodata*)
                0x0800133c                . = ALIGN (0x4)

.ARM.extab
 *(.ARM.extab* .gnu.linkonce.armextab.*)

.ARM            0x0800133c        0x8
                0x0800133c                __exidx_start = .
 *(.ARM.exidx*)
 .ARM.exidx     0x0800133c        0x8 c:/ac6/systemworkbench/plugins/fr.ac6.mcu.externaltools.arm-none.win32_1.15.0.201708311556/tools/compiler/bin/../lib/gcc/arm-none-eabi/6.3.1/thumb/v7e-m/fpv4-sp/hard\libgcc.a(_udivmoddi4.o)
                0x08001344                __exidx_end = .

.rel.dyn        0x08001344        0x0
 .rel.iplt      0x08001344        0x0 c:/ac6/systemworkbench/plugins/fr.ac6.mcu.externaltools.arm-none.win32_1.15.0.201708311556/tools/compiler/bin/../lib/gcc/arm-none-eabi/6.3.1/thumb/v7e-m/fpv4-sp/hard/crtbegin.o

.preinit_array  0x08001344        0x0
                0x08001344                PROVIDE (__preinit_array_start, .)
 *(.preinit_array*)
                0x08001344                PROVIDE (__preinit_array_end, .)

.init_array     0x08001344        0x4
                0x08001344                PROVIDE (__init_array_start, .)
 *(SORT(.init_array.*))
 *(.init_array*)
 .init_array    0x08001344        0x4 c:/ac6/systemworkbench/plugins/fr.ac6.mcu.externaltools.arm-none.win32_1.15.0.201708311556/tools/compiler/bin/../lib/gcc/arm-none-eabi/6.3.1/thumb/v7e-m/fpv4-sp/hard/crtbegin.o
                0x08001348                PROVIDE (__init_array_end, .)

.fini_array     0x08001348        0x4
                [!provide]                PROVIDE (__fini_array_start, .)
 *(SORT(.fini_array.*))
 *(.fini_array*)
 .fini_array    0x08001348        0x4 c:/ac6/systemworkbench/plugins/fr.ac6.mcu.externaltools.arm-none.win32_1.15.0.201708311556/tools/compiler/bin/../lib/gcc/arm-none-eabi/6.3.1/thumb/v7e-m/fpv4-sp/hard/crtbegin.o
                [!provide]                PROVIDE (__fini_array_end, .)
                0x0800134c                _sidata = LOADADDR (.data)

.data           0x20000000       0x18 load address 0x0800134c
                0x20000000                . = ALIGN (0x4)
                0x20000000                _sdata = .
 *(.data)
 .data          0x20000000        0xc Drivers/BSP/STM32F4xx-Nucleo/stm32f4xx_nucleo.o
                0x20000000                SpixTimeout
                0x20000004                GPIO_PORT
                0x20000008                BUTTON_PORT
 .data          0x2000000c        0x4 Drivers/CMSIS/system_stm32f4xx.o
                0x2000000c                SystemCoreClock
 .data          0x20000010        0x8 Drivers/STM32F4xx_HAL_Driver/stm32f4xx_hal.o
                0x20000010                uwTickFreq
                0x20000014                uwTickPrio
 *(.data*)
                0x20000018                . = ALIGN (0x4)
                0x20000018                _edata = .

.jcr            0x20000018        0x0 load address 0x08001364
 .jcr           0x20000018        0x0 c:/ac6/systemworkbench/plugins/fr.ac6.mcu.externaltools.arm-none.win32_1.15.0.201708311556/tools/compiler/bin/../lib/gcc/arm-none-eabi/6.3.1/thumb/v7e-m/fpv4-sp/hard/crtbegin.o

.igot.plt       0x20000018        0x0 load address 0x08001364
 .igot.plt      0x20000018        0x0 c:/ac6/systemworkbench/plugins/fr.ac6.mcu.externaltools.arm-none.win32_1.15.0.201708311556/tools/compiler/bin/../lib/gcc/arm-none-eabi/6.3.1/thumb/v7e-m/fpv4-sp/hard/crtbegin.o
                0x20000018                . = ALIGN (0x4)

.bss            0x20000018       0x80 load address 0x08001364
                0x20000018                _sbss = .
                0x20000018                __bss_start__ = _sbss
 *(.bss)
 .bss           0x20000018       0x1c c:/ac6/systemworkbench/plugins/fr.ac6.mcu.externaltools.arm-none.win32_1.15.0.201708311556/tools/compiler/bin/../lib/gcc/arm-none-eabi/6.3.1/thumb/v7e-m/fpv4-sp/hard/crtbegin.o
 .bss           0x20000034       0x40 Example/User/main.o
                0x20000048                FirstSector
                0x2000004c                NbOfSectors
                0x20000064                SectorError
                0x20000068                Address
                0x2000006c                MemoryProgramStatus
                0x20000070                data32
 *(.bss*)
 *(COMMON)
 COMMON         0x20000074        0x4 Drivers/STM32F4xx_HAL_Driver/stm32f4xx_hal.o
                0x20000074                uwTick
 COMMON         0x20000078       0x20 Drivers/STM32F4xx_HAL_Driver/stm32f4xx_hal_flash.o
                0x20000078                pFlash
                0x20000098                . = ALIGN (0x4)
                0x20000098                _ebss = .
                0x20000098                __bss_end__ = _ebss

._user_heap_stack
                0x20000098      0x600 load address 0x08001364
                0x20000098                . = ALIGN (0x4)
                [!provide]                PROVIDE (end, .)
                [!provide]                PROVIDE (_end, .)
                0x20000298                . = (. + _Min_Heap_Size)
 *fill*         0x20000098      0x200 
                0x20000698                . = (. + _Min_Stack_Size)
 *fill*         0x20000298      0x400 
                0x20000698                . = ALIGN (0x4)

/DISCARD/
 libc.a(*)
 libm.a(*)
 libgcc.a(*)

.ARM.attributes
                0x00000000       0x30
 *(.ARM.attributes)
 .ARM.attributes
                0x00000000       0x22 c:/ac6/systemworkbench/plugins/fr.ac6.mcu.externaltools.arm-none.win32_1.15.0.201708311556/tools/compiler/bin/../lib/gcc/arm-none-eabi/6.3.1/thumb/v7e-m/fpv4-sp/hard/crti.o
 .ARM.attributes
                0x00000022       0x34 c:/ac6/systemworkbench/plugins/fr.ac6.mcu.externaltools.arm-none.win32_1.15.0.201708311556/tools/compiler/bin/../lib/gcc/arm-none-eabi/6.3.1/thumb/v7e-m/fpv4-sp/hard/crtbegin.o
 .ARM.attributes
                0x00000056       0x39 Drivers/BSP/STM32F4xx-Nucleo/stm32f4xx_nucleo.o
 .ARM.attributes
                0x0000008f       0x39 Drivers/CMSIS/system_stm32f4xx.o
 .ARM.attributes
                0x000000c8       0x39 Drivers/STM32F4xx_HAL_Driver/stm32f4xx_hal.o
 .ARM.attributes
                0x00000101       0x39 Drivers/STM32F4xx_HAL_Driver/stm32f4xx_hal_cortex.o
 .ARM.attributes
                0x0000013a       0x39 Drivers/STM32F4xx_HAL_Driver/stm32f4xx_hal_flash.o
 .ARM.attributes
                0x00000173       0x39 Drivers/STM32F4xx_HAL_Driver/stm32f4xx_hal_flash_ex.o
 .ARM.attributes
                0x000001ac       0x39 Drivers/STM32F4xx_HAL_Driver/stm32f4xx_hal_gpio.o
 .ARM.attributes
                0x000001e5       0x39 Drivers/STM32F4xx_HAL_Driver/stm32f4xx_hal_rcc.o
 .ARM.attributes
                0x0000021e       0x21 Example/SW4STM32/startup_stm32f401xe.o
 .ARM.attributes
                0x0000023f       0x39 Example/User/main.o
 .ARM.attributes
                0x00000278       0x39 Example/User/stm32f4xx_it.o
 .ARM.attributes
                0x000002b1       0x22 c:/ac6/systemworkbench/plugins/fr.ac6.mcu.externaltools.arm-none.win32_1.15.0.201708311556/tools/compiler/bin/../lib/gcc/arm-none-eabi/6.3.1/thumb/v7e-m/fpv4-sp/hard\libgcc.a(_aeabi_uldivmod.o)
 .ARM.attributes
                0x000002d3       0x34 c:/ac6/systemworkbench/plugins/fr.ac6.mcu.externaltools.arm-none.win32_1.15.0.201708311556/tools/compiler/bin/../lib/gcc/arm-none-eabi/6.3.1/thumb/v7e-m/fpv4-sp/hard\libgcc.a(_udivmoddi4.o)
 .ARM.attributes
                0x00000307       0x22 c:/ac6/systemworkbench/plugins/fr.ac6.mcu.externaltools.arm-none.win32_1.15.0.201708311556/tools/compiler/bin/../lib/gcc/arm-none-eabi/6.3.1/thumb/v7e-m/fpv4-sp/hard\libgcc.a(_dvmd_tls.o)
 .ARM.attributes
                0x00000329       0x34 c:/ac6/systemworkbench/plugins/fr.ac6.mcu.externaltools.arm-none.win32_1.15.0.201708311556/tools/compiler/bin/../lib/gcc/arm-none-eabi/6.3.1/../../../../arm-none-eabi/lib/thumb/v7e-m/fpv4-sp/hard\libc_nano.a(lib_a-init.o)
 .ARM.attributes
                0x0000035d       0x22 c:/ac6/systemworkbench/plugins/fr.ac6.mcu.externaltools.arm-none.win32_1.15.0.201708311556/tools/compiler/bin/../lib/gcc/arm-none-eabi/6.3.1/thumb/v7e-m/fpv4-sp/hard/crtn.o
OUTPUT(STM32F4xx-Nucleo.elf elf32-littlearm)

.debug_info     0x00000000     0xbb11
 .debug_info    0x00000000     0x24db Drivers/BSP/STM32F4xx-Nucleo/stm32f4xx_nucleo.o
 .debug_info    0x000024db      0xd5a Drivers/CMSIS/system_stm32f4xx.o
 .debug_info    0x00003235     0x118e Drivers/STM32F4xx_HAL_Driver/stm32f4xx_hal.o
 .debug_info    0x000043c3     0x16c2 Drivers/STM32F4xx_HAL_Driver/stm32f4xx_hal_cortex.o
 .debug_info    0x00005a85      0xf69 Drivers/STM32F4xx_HAL_Driver/stm32f4xx_hal_flash.o
 .debug_info    0x000069ee     0x1271 Drivers/STM32F4xx_HAL_Driver/stm32f4xx_hal_flash_ex.o
 .debug_info    0x00007c5f      0xfc3 Drivers/STM32F4xx_HAL_Driver/stm32f4xx_hal_gpio.o
 .debug_info    0x00008c22     0x12a7 Drivers/STM32F4xx_HAL_Driver/stm32f4xx_hal_rcc.o
 .debug_info    0x00009ec9      0x143 Example/SW4STM32/startup_stm32f401xe.o
 .debug_info    0x0000a00c     0x1128 Example/User/main.o
 .debug_info    0x0000b134      0x9dd Example/User/stm32f4xx_it.o

.debug_abbrev   0x00000000     0x1f8a
 .debug_abbrev  0x00000000      0x40a Drivers/BSP/STM32F4xx-Nucleo/stm32f4xx_nucleo.o
 .debug_abbrev  0x0000040a      0x205 Drivers/CMSIS/system_stm32f4xx.o
 .debug_abbrev  0x0000060f      0x343 Drivers/STM32F4xx_HAL_Driver/stm32f4xx_hal.o
 .debug_abbrev  0x00000952      0x3c5 Drivers/STM32F4xx_HAL_Driver/stm32f4xx_hal_cortex.o
 .debug_abbrev  0x00000d17      0x3a4 Drivers/STM32F4xx_HAL_Driver/stm32f4xx_hal_flash.o
 .debug_abbrev  0x000010bb      0x3a0 Drivers/STM32F4xx_HAL_Driver/stm32f4xx_hal_flash_ex.o
 .debug_abbrev  0x0000145b      0x2a3 Drivers/STM32F4xx_HAL_Driver/stm32f4xx_hal_gpio.o
 .debug_abbrev  0x000016fe      0x38e Drivers/STM32F4xx_HAL_Driver/stm32f4xx_hal_rcc.o
 .debug_abbrev  0x00001a8c       0x12 Example/SW4STM32/startup_stm32f401xe.o
 .debug_abbrev  0x00001a9e      0x2d2 Example/User/main.o
 .debug_abbrev  0x00001d70      0x21a Example/User/stm32f4xx_it.o

.debug_loc      0x00000000     0x1b13
 .debug_loc     0x00000000      0x55e Drivers/BSP/STM32F4xx-Nucleo/stm32f4xx_nucleo.o
 .debug_loc     0x0000055e      0x11c Drivers/CMSIS/system_stm32f4xx.o
 .debug_loc     0x0000067a      0x11b Drivers/STM32F4xx_HAL_Driver/stm32f4xx_hal.o
 .debug_loc     0x00000795      0x4fb Drivers/STM32F4xx_HAL_Driver/stm32f4xx_hal_cortex.o
 .debug_loc     0x00000c90      0x2d9 Drivers/STM32F4xx_HAL_Driver/stm32f4xx_hal_flash.o
 .debug_loc     0x00000f69      0x4f3 Drivers/STM32F4xx_HAL_Driver/stm32f4xx_hal_flash_ex.o
 .debug_loc     0x0000145c      0x381 Drivers/STM32F4xx_HAL_Driver/stm32f4xx_hal_gpio.o
 .debug_loc     0x000017dd      0x336 Drivers/STM32F4xx_HAL_Driver/stm32f4xx_hal_rcc.o

.debug_aranges  0x00000000      0x4e8
 .debug_aranges
                0x00000000       0xd0 Drivers/BSP/STM32F4xx-Nucleo/stm32f4xx_nucleo.o
 .debug_aranges
                0x000000d0       0x28 Drivers/CMSIS/system_stm32f4xx.o
 .debug_aranges
                0x000000f8       0xd8 Drivers/STM32F4xx_HAL_Driver/stm32f4xx_hal.o
 .debug_aranges
                0x000001d0       0xa8 Drivers/STM32F4xx_HAL_Driver/stm32f4xx_hal_cortex.o
 .debug_aranges
                0x00000278       0x90 Drivers/STM32F4xx_HAL_Driver/stm32f4xx_hal_flash.o
 .debug_aranges
                0x00000308       0x70 Drivers/STM32F4xx_HAL_Driver/stm32f4xx_hal_flash_ex.o
 .debug_aranges
                0x00000378       0x58 Drivers/STM32F4xx_HAL_Driver/stm32f4xx_hal_gpio.o
 .debug_aranges
                0x000003d0       0x88 Drivers/STM32F4xx_HAL_Driver/stm32f4xx_hal_rcc.o
 .debug_aranges
                0x00000458       0x28 Example/SW4STM32/startup_stm32f401xe.o
 .debug_aranges
                0x00000480       0x20 Example/User/main.o
 .debug_aranges
                0x000004a0       0x48 Example/User/stm32f4xx_it.o

.debug_ranges   0x00000000      0x880
 .debug_ranges  0x00000000      0x2c8 Drivers/BSP/STM32F4xx-Nucleo/stm32f4xx_nucleo.o
 .debug_ranges  0x000002c8       0x18 Drivers/CMSIS/system_stm32f4xx.o
 .debug_ranges  0x000002e0       0xc8 Drivers/STM32F4xx_HAL_Driver/stm32f4xx_hal.o
 .debug_ranges  0x000003a8      0x138 Drivers/STM32F4xx_HAL_Driver/stm32f4xx_hal_cortex.o
 .debug_ranges  0x000004e0       0xb0 Drivers/STM32F4xx_HAL_Driver/stm32f4xx_hal_flash.o
 .debug_ranges  0x00000590      0x110 Drivers/STM32F4xx_HAL_Driver/stm32f4xx_hal_flash_ex.o
 .debug_ranges  0x000006a0       0x68 Drivers/STM32F4xx_HAL_Driver/stm32f4xx_hal_gpio.o
 .debug_ranges  0x00000708       0xb0 Drivers/STM32F4xx_HAL_Driver/stm32f4xx_hal_rcc.o
 .debug_ranges  0x000007b8       0x20 Example/SW4STM32/startup_stm32f401xe.o
 .debug_ranges  0x000007d8       0x70 Example/User/main.o
 .debug_ranges  0x00000848       0x38 Example/User/stm32f4xx_it.o

.debug_macro    0x00000000    0x15dba
 .debug_macro   0x00000000      0x343 Drivers/BSP/STM32F4xx-Nucleo/stm32f4xx_nucleo.o
 .debug_macro   0x00000343      0x8bc Drivers/BSP/STM32F4xx-Nucleo/stm32f4xx_nucleo.o
 .debug_macro   0x00000bff       0x9d Drivers/BSP/STM32F4xx-Nucleo/stm32f4xx_nucleo.o
 .debug_macro   0x00000c9c       0x32 Drivers/BSP/STM32F4xx-Nucleo/stm32f4xx_nucleo.o
 .debug_macro   0x00000cce       0x28 Drivers/BSP/STM32F4xx-Nucleo/stm32f4xx_nucleo.o
 .debug_macro   0x00000cf6       0x22 Drivers/BSP/STM32F4xx-Nucleo/stm32f4xx_nucleo.o
 .debug_macro   0x00000d18       0x87 Drivers/BSP/STM32F4xx-Nucleo/stm32f4xx_nucleo.o
 .debug_macro   0x00000d9f       0x51 Drivers/BSP/STM32F4xx-Nucleo/stm32f4xx_nucleo.o
 .debug_macro   0x00000df0       0xef Drivers/BSP/STM32F4xx-Nucleo/stm32f4xx_nucleo.o
 .debug_macro   0x00000edf       0x6a Drivers/BSP/STM32F4xx-Nucleo/stm32f4xx_nucleo.o
 .debug_macro   0x00000f49      0x1df Drivers/BSP/STM32F4xx-Nucleo/stm32f4xx_nucleo.o
 .debug_macro   0x00001128       0x35 Drivers/BSP/STM32F4xx-Nucleo/stm32f4xx_nucleo.o
 .debug_macro   0x0000115d       0x50 Drivers/BSP/STM32F4xx-Nucleo/stm32f4xx_nucleo.o
 .debug_macro   0x000011ad      0xe66 Drivers/BSP/STM32F4xx-Nucleo/stm32f4xx_nucleo.o
 .debug_macro   0x00002013     0xb71c Drivers/BSP/STM32F4xx-Nucleo/stm32f4xx_nucleo.o
 .debug_macro   0x0000d72f       0x43 Drivers/BSP/STM32F4xx-Nucleo/stm32f4xx_nucleo.o
 .debug_macro   0x0000d772     0x3535 Drivers/BSP/STM32F4xx-Nucleo/stm32f4xx_nucleo.o
 .debug_macro   0x00010ca7       0x58 Drivers/BSP/STM32F4xx-Nucleo/stm32f4xx_nucleo.o
 .debug_macro   0x00010cff       0x35 Drivers/BSP/STM32F4xx-Nucleo/stm32f4xx_nucleo.o
 .debug_macro   0x00010d34       0x9c Drivers/BSP/STM32F4xx-Nucleo/stm32f4xx_nucleo.o
 .debug_macro   0x00010dd0       0x16 Drivers/BSP/STM32F4xx-Nucleo/stm32f4xx_nucleo.o
 .debug_macro   0x00010de6       0x97 Drivers/BSP/STM32F4xx-Nucleo/stm32f4xx_nucleo.o
 .debug_macro   0x00010e7d      0x330 Drivers/BSP/STM32F4xx-Nucleo/stm32f4xx_nucleo.o
 .debug_macro   0x000111ad       0xfd Drivers/BSP/STM32F4xx-Nucleo/stm32f4xx_nucleo.o
 .debug_macro   0x000112aa       0x10 Drivers/BSP/STM32F4xx-Nucleo/stm32f4xx_nucleo.o
 .debug_macro   0x000112ba       0x58 Drivers/BSP/STM32F4xx-Nucleo/stm32f4xx_nucleo.o
 .debug_macro   0x00011312       0x1f Drivers/BSP/STM32F4xx-Nucleo/stm32f4xx_nucleo.o
 .debug_macro   0x00011331       0x43 Drivers/BSP/STM32F4xx-Nucleo/stm32f4xx_nucleo.o
 .debug_macro   0x00011374       0x20 Drivers/BSP/STM32F4xx-Nucleo/stm32f4xx_nucleo.o
 .debug_macro   0x00011394      0x187 Drivers/BSP/STM32F4xx-Nucleo/stm32f4xx_nucleo.o
 .debug_macro   0x0001151b       0x10 Drivers/BSP/STM32F4xx-Nucleo/stm32f4xx_nucleo.o
 .debug_macro   0x0001152b       0x1c Drivers/BSP/STM32F4xx-Nucleo/stm32f4xx_nucleo.o
 .debug_macro   0x00011547       0x52 Drivers/BSP/STM32F4xx-Nucleo/stm32f4xx_nucleo.o
 .debug_macro   0x00011599       0x40 Drivers/BSP/STM32F4xx-Nucleo/stm32f4xx_nucleo.o
 .debug_macro   0x000115d9       0x10 Drivers/BSP/STM32F4xx-Nucleo/stm32f4xx_nucleo.o
 .debug_macro   0x000115e9       0x40 Drivers/BSP/STM32F4xx-Nucleo/stm32f4xx_nucleo.o
 .debug_macro   0x00011629       0xd7 Drivers/BSP/STM32F4xx-Nucleo/stm32f4xx_nucleo.o
 .debug_macro   0x00011700       0x16 Drivers/BSP/STM32F4xx-Nucleo/stm32f4xx_nucleo.o
 .debug_macro   0x00011716      0x18b Drivers/BSP/STM32F4xx-Nucleo/stm32f4xx_nucleo.o
 .debug_macro   0x000118a1       0x57 Drivers/BSP/STM32F4xx-Nucleo/stm32f4xx_nucleo.o
 .debug_macro   0x000118f8      0x416 Drivers/BSP/STM32F4xx-Nucleo/stm32f4xx_nucleo.o
 .debug_macro   0x00011d0e      0xa02 Drivers/BSP/STM32F4xx-Nucleo/stm32f4xx_nucleo.o
 .debug_macro   0x00012710      0x11e Drivers/BSP/STM32F4xx-Nucleo/stm32f4xx_nucleo.o
 .debug_macro   0x0001282e       0xf8 Drivers/BSP/STM32F4xx-Nucleo/stm32f4xx_nucleo.o
 .debug_macro   0x00012926       0x27 Drivers/BSP/STM32F4xx-Nucleo/stm32f4xx_nucleo.o
 .debug_macro   0x0001294d      0x287 Drivers/BSP/STM32F4xx-Nucleo/stm32f4xx_nucleo.o
 .debug_macro   0x00012bd4       0x5f Drivers/BSP/STM32F4xx-Nucleo/stm32f4xx_nucleo.o
 .debug_macro   0x00012c33      0x23a Drivers/BSP/STM32F4xx-Nucleo/stm32f4xx_nucleo.o
 .debug_macro   0x00012e6d      0x391 Drivers/BSP/STM32F4xx-Nucleo/stm32f4xx_nucleo.o
 .debug_macro   0x000131fe      0x176 Drivers/BSP/STM32F4xx-Nucleo/stm32f4xx_nucleo.o
 .debug_macro   0x00013374       0xf9 Drivers/BSP/STM32F4xx-Nucleo/stm32f4xx_nucleo.o
 .debug_macro   0x0001346d      0x13a Drivers/BSP/STM32F4xx-Nucleo/stm32f4xx_nucleo.o
 .debug_macro   0x000135a7      0x264 Drivers/BSP/STM32F4xx-Nucleo/stm32f4xx_nucleo.o
 .debug_macro   0x0001380b       0x2e Drivers/BSP/STM32F4xx-Nucleo/stm32f4xx_nucleo.o
 .debug_macro   0x00013839      0x11e Drivers/BSP/STM32F4xx-Nucleo/stm32f4xx_nucleo.o
 .debug_macro   0x00013957       0x85 Drivers/BSP/STM32F4xx-Nucleo/stm32f4xx_nucleo.o
 .debug_macro   0x000139dc       0x89 Drivers/BSP/STM32F4xx-Nucleo/stm32f4xx_nucleo.o
 .debug_macro   0x00013a65      0x202 Drivers/BSP/STM32F4xx-Nucleo/stm32f4xx_nucleo.o
 .debug_macro   0x00013c67      0x12d Drivers/BSP/STM32F4xx-Nucleo/stm32f4xx_nucleo.o
 .debug_macro   0x00013d94      0x1b5 Drivers/BSP/STM32F4xx-Nucleo/stm32f4xx_nucleo.o
 .debug_macro   0x00013f49      0x310 Drivers/CMSIS/system_stm32f4xx.o
 .debug_macro   0x00014259      0x36a Drivers/STM32F4xx_HAL_Driver/stm32f4xx_hal.o
 .debug_macro   0x000145c3      0x30a Drivers/STM32F4xx_HAL_Driver/stm32f4xx_hal_cortex.o
 .debug_macro   0x000148cd      0x310 Drivers/STM32F4xx_HAL_Driver/stm32f4xx_hal_flash.o
 .debug_macro   0x00014bdd      0x310 Drivers/STM32F4xx_HAL_Driver/stm32f4xx_hal_flash_ex.o
 .debug_macro   0x00014eed      0x342 Drivers/STM32F4xx_HAL_Driver/stm32f4xx_hal_gpio.o
 .debug_macro   0x0001522f      0x32e Drivers/STM32F4xx_HAL_Driver/stm32f4xx_hal_rcc.o
 .debug_macro   0x0001555d      0x377 Example/User/main.o
 .debug_macro   0x000158d4      0x1bb Example/User/main.o
 .debug_macro   0x00015a8f      0x32b Example/User/stm32f4xx_it.o

.debug_line     0x00000000     0x66e7
 .debug_line    0x00000000      0xb90 Drivers/BSP/STM32F4xx-Nucleo/stm32f4xx_nucleo.o
 .debug_line    0x00000b90      0x8c1 Drivers/CMSIS/system_stm32f4xx.o
 .debug_line    0x00001451      0xa31 Drivers/STM32F4xx_HAL_Driver/stm32f4xx_hal.o
 .debug_line    0x00001e82      0xa96 Drivers/STM32F4xx_HAL_Driver/stm32f4xx_hal_cortex.o
 .debug_line    0x00002918      0xa65 Drivers/STM32F4xx_HAL_Driver/stm32f4xx_hal_flash.o
 .debug_line    0x0000337d      0xa95 Drivers/STM32F4xx_HAL_Driver/stm32f4xx_hal_flash_ex.o
 .debug_line    0x00003e12      0xa12 Drivers/STM32F4xx_HAL_Driver/stm32f4xx_hal_gpio.o
 .debug_line    0x00004824      0xafb Drivers/STM32F4xx_HAL_Driver/stm32f4xx_hal_rcc.o
 .debug_line    0x0000531f       0xed Example/SW4STM32/startup_stm32f401xe.o
 .debug_line    0x0000540c      0x978 Example/User/main.o
 .debug_line    0x00005d84      0x963 Example/User/stm32f4xx_it.o

.debug_str      0x00000000    0x83f7b
 .debug_str     0x00000000    0x8246f Drivers/BSP/STM32F4xx-Nucleo/stm32f4xx_nucleo.o
                              0x8283a (size before relaxing)
 .debug_str     0x0008246f      0x12c Drivers/CMSIS/system_stm32f4xx.o
                              0x80d59 (size before relaxing)
 .debug_str     0x0008259b      0x63a Drivers/STM32F4xx_HAL_Driver/stm32f4xx_hal.o
                              0x8172e (size before relaxing)
 .debug_str     0x00082bd5      0x35e Drivers/STM32F4xx_HAL_Driver/stm32f4xx_hal_cortex.o
                              0x8145e (size before relaxing)
 .debug_str     0x00082f33      0x303 Drivers/STM32F4xx_HAL_Driver/stm32f4xx_hal_flash.o
                              0x80f15 (size before relaxing)
 .debug_str     0x00083236      0x338 Drivers/STM32F4xx_HAL_Driver/stm32f4xx_hal_flash_ex.o
                              0x8103e (size before relaxing)
 .debug_str     0x0008356e      0x1ed Drivers/STM32F4xx_HAL_Driver/stm32f4xx_hal_gpio.o
                              0x80f65 (size before relaxing)
 .debug_str     0x0008375b      0x38d Drivers/STM32F4xx_HAL_Driver/stm32f4xx_hal_rcc.o
                              0x8112f (size before relaxing)
 .debug_str     0x00083ae8      0x36e Example/User/main.o
                              0x81dab (size before relaxing)
 .debug_str     0x00083e56      0x125 Example/User/stm32f4xx_it.o
                              0x81773 (size before relaxing)

.comment        0x00000000       0x7f
 .comment       0x00000000       0x7f Drivers/BSP/STM32F4xx-Nucleo/stm32f4xx_nucleo.o
                                 0x80 (size before relaxing)
 .comment       0x0000007f       0x80 Drivers/CMSIS/system_stm32f4xx.o
 .comment       0x0000007f       0x80 Drivers/STM32F4xx_HAL_Driver/stm32f4xx_hal.o
 .comment       0x0000007f       0x80 Drivers/STM32F4xx_HAL_Driver/stm32f4xx_hal_cortex.o
 .comment       0x0000007f       0x80 Drivers/STM32F4xx_HAL_Driver/stm32f4xx_hal_flash.o
 .comment       0x0000007f       0x80 Drivers/STM32F4xx_HAL_Driver/stm32f4xx_hal_flash_ex.o
 .comment       0x0000007f       0x80 Drivers/STM32F4xx_HAL_Driver/stm32f4xx_hal_gpio.o
 .comment       0x0000007f       0x80 Drivers/STM32F4xx_HAL_Driver/stm32f4xx_hal_rcc.o
 .comment       0x0000007f       0x80 Example/User/main.o
 .comment       0x0000007f       0x80 Example/User/stm32f4xx_it.o

.debug_frame    0x00000000      0xb98
 .debug_frame   0x00000000      0x288 Drivers/BSP/STM32F4xx-Nucleo/stm32f4xx_nucleo.o
 .debug_frame   0x00000288       0x38 Drivers/CMSIS/system_stm32f4xx.o
 .debug_frame   0x000002c0      0x1d0 Drivers/STM32F4xx_HAL_Driver/stm32f4xx_hal.o
 .debug_frame   0x00000490      0x158 Drivers/STM32F4xx_HAL_Driver/stm32f4xx_hal_cortex.o
 .debug_frame   0x000005e8      0x154 Drivers/STM32F4xx_HAL_Driver/stm32f4xx_hal_flash.o
 .debug_frame   0x0000073c       0xf0 Drivers/STM32F4xx_HAL_Driver/stm32f4xx_hal_flash_ex.o
 .debug_frame   0x0000082c       0xd8 Drivers/STM32F4xx_HAL_Driver/stm32f4xx_hal_gpio.o
 .debug_frame   0x00000904      0x13c Drivers/STM32F4xx_HAL_Driver/stm32f4xx_hal_rcc.o
 .debug_frame   0x00000a40       0x2c Example/User/main.o
 .debug_frame   0x00000a6c       0xa0 Example/User/stm32f4xx_it.o
 .debug_frame   0x00000b0c       0x2c c:/ac6/systemworkbench/plugins/fr.ac6.mcu.externaltools.arm-none.win32_1.15.0.201708311556/tools/compiler/bin/../lib/gcc/arm-none-eabi/6.3.1/thumb/v7e-m/fpv4-sp/hard\libgcc.a(_aeabi_uldivmod.o)
 .debug_frame   0x00000b38       0x34 c:/ac6/systemworkbench/plugins/fr.ac6.mcu.externaltools.arm-none.win32_1.15.0.201708311556/tools/compiler/bin/../lib/gcc/arm-none-eabi/6.3.1/thumb/v7e-m/fpv4-sp/hard\libgcc.a(_udivmoddi4.o)
 .debug_frame   0x00000b6c       0x2c c:/ac6/systemworkbench/plugins/fr.ac6.mcu.externaltools.arm-none.win32_1.15.0.201708311556/tools/compiler/bin/../lib/gcc/arm-none-eabi/6.3.1/../../../../arm-none-eabi/lib/thumb/v7e-m/fpv4-sp/hard\libc_nano.a(lib_a-init.o)
